=== TASK 6 command_log migration evidence ===
date: 2026-09-15T21:11:47Z
branch: develop
head: dc77b31 feat(ingestion): HTTP ingress path

--- (a) BASELINE: command_log must NOT exist ---
Did not find any relation named "command_log".
baseline_exit:1

--- other-project tables present pre-migration ---
 public | arrival_records            | table | postgres
 public | auth_user                  | table | postgres
 public | auth_user_groups           | table | postgres
 public | auth_user_user_permissions | table | postgres
 public | django_admin_log           | table | postgres
 public | django_content_type        | table | postgres
 public | django_migrations          | table | postgres
 public | django_session             | table | postgres
 public | vehicle_positions          | table | postgres

--- (b) UPGRADE via ./db_migrations/migrate.sh upgrade ---
Running upgrade a7f3c9e21b4d -> e5f2a9c41d7b, exit 0; alembic current = e5f2a9c41d7b (head)

--- (c) VERIFY: \d command_log ---
Table "public.command_log": id text PK, device_id text not null FK->devices(id) CASCADE,
action text not null, payload json, req_id text not null UNIQUE, state text not null
default 'requested', ttl_sec integer not null default 300, created_at timestamptz not null
default now(), acked_at timestamptz; indexes command_log_pkey, command_log_req_id_key,
idx_command_log_device_id, idx_command_log_state; CHECK ck_command_log_state
state IN (requested,acked,expired,failed)

--- (c) VERIFY: live constraint probes ---
insert requested row: OK (defaults ttl_sec=300 state=requested created_at=now())
bogus state insert: REJECTED by ck_command_log_state (exit 1)
duplicate req_id insert: REJECTED by command_log_req_id_key (exit 1)
unknown device_id insert: REJECTED by command_log_device_id_fkey (exit 1)
probe rows cleaned: command_log count = 0
NOTE: first heredoc probe attempt silently ran zero statements (docker exec without -i
drops stdin); caught by cross-check (DELETE 0 + row still present), re-ran with -c flags.

--- (c) VERIFY: downgrade -1 removes ONLY command_log ---
downgrade e5f2a9c41d7b -> a7f3c9e21b4d exit 0; \d command_log -> did-not-find (exit 1)
survivors intact: vehicle_positions (table present, 0 rows), arrival_records present,
devices=3 rows, auth/django/telemetry/users tables present

--- (c) VERIFY: re-upgrade to head ---
upgrade a7f3c9e21b4d -> e5f2a9c41d7b exit 0; current = e5f2a9c41d7b (head)
to_regclass: command_log|vehicle_positions|arrival_records (all present)
models import OK: devices, command_log

--- (d) MANUAL-QA (binary observables) ---
psql \d command_log: PK command_log_pkey(id), UNIQUE command_log_req_id_key(req_id),
FK -> devices(id) CASCADE, CHECK state in (requested,acked,expired,failed)
job catalog untouched: no scheduler/cron changes in scope; alembic history linear, single head
hourly_route_delays: absent from this DB both pre- and post-migration (never existed here; not dropped by us)

--- (e) SCOPE ---
code files: db_migrations/models.py (CommandLog mirror only) + db_migrations/alembic/versions/20260915_2115_e5f2a9c41d7b_command_log.py (new)
hand-written revision, never autogenerated on shared DB; WARNING comment against drop_table present (dc7b523353d3 pattern)
sibling todos 1-5 files untouched; git status shows only the two code files modified/new (+ this evidence log)
DB password note: host connections need postgresql://postgres:example@127.0.0.1:5432/iot_data
(volume init password; container env shows postgres but auth fails with it)
